---
http_interactions:
- request:
    method: post
    uri: https://ics2wstest.ic3.com/commerce/1.x/transactionProcessor
    body:
      encoding: UTF-8
      string: |
        <?xml version="1.0" encoding="UTF-8"?>
        <s:Envelope xmlns:s="http://schemas.xmlsoap.org/soap/envelope/">
          <s:Header>
            <wsse:Security s:mustUnderstand="1" xmlns:wsse="http://docs.oasis-open.org/wss/2004/01/oasis-200401-wss-wssecurity-secext-1.0.xsd">
              <wsse:UsernameToken>
                <wsse:Username>hellobar</wsse:Username>
                <wsse:Password Type="http://docs.oasis-open.org/wss/2004/01/oasis-200401-wss-username-token-profile-1.0#PasswordText">YGxyAaeHOQe2vRoisqdInSI9DE4UEhiOVy5aYpoQewXKcCwF11FZRQncjhOlBU41Qo/MwaQ5vIEMuO/zdFTY+WhXYA8KVgquD2H5mgw/CK470t/oXKHNzzRdfcrYbdChFTloHTSm6TxV/Uo94MzIQSf+38eFYpjkOAei7Fm2esJlm2P3rKCBb10JGMvuE9hJAcJidFJ3qdlw9NzfCEWWzajJ9Wl4/Fc9zRszZ5zbX7oRmCkf/aRDu4nO6gML3wVWj1DkCylLdfYLnbjRFKfF8uHriOo/txJCZRuorM5KkjUTroXAGRq2G40btrXhiQsw4j10Gqa8JJCfM3tvnQoNyg==</wsse:Password>
              </wsse:UsernameToken>
            </wsse:Security>
          </s:Header>
          <s:Body xmlns:xsi="http://www.w3.org/2001/XMLSchema-instance" xmlns:xsd="http://www.w3.org/2001/XMLSchema">
            <requestMessage xmlns="urn:schemas-cybersource-com:transaction-data-1.69">
              <merchantID>hellobar</merchantID>
              <merchantReferenceCode>252220502-1417624617</merchantReferenceCode>
              <clientLibrary>Ruby Active Merchant</clientLibrary>
              <clientLibraryVersion>1.44.1</clientLibraryVersion>
              <clientEnvironment>x86_64-darwin12.0</clientEnvironment>
        <billTo>
          <firstName>Tobias</firstName>
          <lastName>Luetke</lastName>
          <street1>123 Some St</street1>
          <city>Eugene</city>
          <state>OR</state>
          <postalCode>97408</postalCode>
          <country>USA</country>
          <email>user117903900@hellobar.com</email>
        </billTo>
        <purchaseTotals>
          <currency>USD</currency>
          <grandTotalAmount>0.00</grandTotalAmount>
        </purchaseTotals>
        <card>
          <accountNumber>4111111111111111</accountNumber>
          <expirationMonth>08</expirationMonth>
          <expirationYear>2016</expirationYear>
          <cvNumber>123</cvNumber>
          <cardType>001</cardType>
        </card>
        <subscription>
          <paymentMethod>credit card</paymentMethod>
        </subscription>
        <recurringSubscriptionInfo>
          <amount>0</amount>
          <frequency>on-demand</frequency>
          <approvalRequired>false</approvalRequired>
        </recurringSubscriptionInfo>
        <paySubscriptionCreateService run="true"/>
        <businessRules>
        </businessRules>
            </requestMessage>
          </s:Body>
        </s:Envelope>
    headers:
      Content-Type:
      - application/x-www-form-urlencoded
      Accept-Encoding:
      - gzip;q=1.0,deflate;q=0.6,identity;q=0.3
      Accept:
      - "*/*"
      User-Agent:
      - Ruby
  response:
    status:
      code: 200
      message: OK
    headers:
      Server:
      - Apache-Coyote/1.1
      X-Opnet-Transaction-Trace:
      - pid=29699,requestid=25401547-336d-440c-8c3c-14ffeb11945f
      Set-Cookie:
      - _op_aixPageId=a_a9096436-949c-4f6f-98bd-48c012af5a48; Path=/
      Content-Type:
      - text/xml
      Content-Length:
      - '1501'
      Date:
      - Wed, 03 Dec 2014 16:36:59 GMT
    body:
      encoding: UTF-8
      string: |-
        <?xml version="1.0" encoding="utf-8"?><soap:Envelope xmlns:soap="http://schemas.xmlsoap.org/soap/envelope/">
        <soap:Header>
        <wsse:Security xmlns:wsse="http://docs.oasis-open.org/wss/2004/01/oasis-200401-wss-wssecurity-secext-1.0.xsd"><wsu:Timestamp xmlns:wsu="http://docs.oasis-open.org/wss/2004/01/oasis-200401-wss-wssecurity-utility-1.0.xsd" wsu:Id="Timestamp-135685541"><wsu:Created>2014-12-03T16:36:59.809Z</wsu:Created></wsu:Timestamp></wsse:Security></soap:Header><soap:Body><c:replyMessage xmlns:c="urn:schemas-cybersource-com:transaction-data-1.69"><c:merchantReferenceCode>252220502-1417624617</c:merchantReferenceCode><c:requestID>4176246193480176195842</c:requestID><c:decision>ACCEPT</c:decision><c:reasonCode>100</c:reasonCode><c:requestToken>Ahj/7wSRxMod9IoGVrIEIkGLZk3aNW7GkzbSGlGdOT+Vh2DawBT+Vh2DazSACHjDJpJlukB2eJ0CcjiZQ76RQMrWQIAAtAJj</c:requestToken><c:purchaseTotals><c:currency>USD</c:currency></c:purchaseTotals><c:ccAuthReply><c:reasonCode>100</c:reasonCode><c:amount>0.00</c:amount><c:authorizationCode>888888</c:authorizationCode><c:avsCode>X</c:avsCode><c:avsCodeRaw>I1</c:avsCodeRaw><c:cvCode/><c:authorizedDateTime>2014-12-03T16:36:59Z</c:authorizedDateTime><c:processorResponse>100</c:processorResponse><c:reconciliationID>16274571R36H4QNN</c:reconciliationID></c:ccAuthReply><c:paySubscriptionCreateReply><c:reasonCode>100</c:reasonCode><c:subscriptionID>4176246193480176195842</c:subscriptionID></c:paySubscriptionCreateReply></c:replyMessage></soap:Body></soap:Envelope>
    http_version: 
  recorded_at: Wed, 03 Dec 2014 16:36:58 GMT
- request:
    method: post
    uri: https://ics2wstest.ic3.com/commerce/1.x/transactionProcessor
    body:
      encoding: UTF-8
      string: |
        <?xml version="1.0" encoding="UTF-8"?>
        <s:Envelope xmlns:s="http://schemas.xmlsoap.org/soap/envelope/">
          <s:Header>
            <wsse:Security s:mustUnderstand="1" xmlns:wsse="http://docs.oasis-open.org/wss/2004/01/oasis-200401-wss-wssecurity-secext-1.0.xsd">
              <wsse:UsernameToken>
                <wsse:Username>hellobar</wsse:Username>
                <wsse:Password Type="http://docs.oasis-open.org/wss/2004/01/oasis-200401-wss-username-token-profile-1.0#PasswordText">YGxyAaeHOQe2vRoisqdInSI9DE4UEhiOVy5aYpoQewXKcCwF11FZRQncjhOlBU41Qo/MwaQ5vIEMuO/zdFTY+WhXYA8KVgquD2H5mgw/CK470t/oXKHNzzRdfcrYbdChFTloHTSm6TxV/Uo94MzIQSf+38eFYpjkOAei7Fm2esJlm2P3rKCBb10JGMvuE9hJAcJidFJ3qdlw9NzfCEWWzajJ9Wl4/Fc9zRszZ5zbX7oRmCkf/aRDu4nO6gML3wVWj1DkCylLdfYLnbjRFKfF8uHriOo/txJCZRuorM5KkjUTroXAGRq2G40btrXhiQsw4j10Gqa8JJCfM3tvnQoNyg==</wsse:Password>
              </wsse:UsernameToken>
            </wsse:Security>
          </s:Header>
          <s:Body xmlns:xsi="http://www.w3.org/2001/XMLSchema-instance" xmlns:xsd="http://www.w3.org/2001/XMLSchema">
            <requestMessage xmlns="urn:schemas-cybersource-com:transaction-data-1.69">
              <merchantID>hellobar</merchantID>
              <merchantReferenceCode>252220502-1417624618</merchantReferenceCode>
              <clientLibrary>Ruby Active Merchant</clientLibrary>
              <clientLibraryVersion>1.44.1</clientLibraryVersion>
              <clientEnvironment>x86_64-darwin12.0</clientEnvironment>
        <purchaseTotals>
          <currency>USD</currency>
          <grandTotalAmount>100.00</grandTotalAmount>
        </purchaseTotals>
        <recurringSubscriptionInfo>
          <subscriptionID>4176246193480176195842</subscriptionID>
          <approvalRequired>false</approvalRequired>
        </recurringSubscriptionInfo>
        <ccAuthService run="true"/>
        <ccCaptureService run="true"/>
        <businessRules>
        </businessRules>
            </requestMessage>
          </s:Body>
        </s:Envelope>
    headers:
      Content-Type:
      - application/x-www-form-urlencoded
      Accept-Encoding:
      - gzip;q=1.0,deflate;q=0.6,identity;q=0.3
      Accept:
      - "*/*"
      User-Agent:
      - Ruby
  response:
    status:
      code: 200
      message: OK
    headers:
      Server:
      - Apache-Coyote/1.1
      X-Opnet-Transaction-Trace:
      - pid=27444,requestid=3de58a5b-55ab-443b-aa41-e10902857fc8
      Set-Cookie:
      - _op_aixPageId=a_88bdfc61-2a5d-4792-b1db-9a4e7d536b3d; Path=/
      Content-Type:
      - text/xml
      Content-Length:
      - '1604'
      Date:
      - Wed, 03 Dec 2014 16:37:00 GMT
    body:
      encoding: UTF-8
      string: |-
        <?xml version="1.0" encoding="utf-8"?><soap:Envelope xmlns:soap="http://schemas.xmlsoap.org/soap/envelope/">
        <soap:Header>
        <wsse:Security xmlns:wsse="http://docs.oasis-open.org/wss/2004/01/oasis-200401-wss-wssecurity-secext-1.0.xsd"><wsu:Timestamp xmlns:wsu="http://docs.oasis-open.org/wss/2004/01/oasis-200401-wss-wssecurity-utility-1.0.xsd" wsu:Id="Timestamp-1172352874"><wsu:Created>2014-12-03T16:37:00.593Z</wsu:Created></wsu:Timestamp></wsse:Security></soap:Header><soap:Body><c:replyMessage xmlns:c="urn:schemas-cybersource-com:transaction-data-1.69"><c:merchantReferenceCode>252220502-1417624618</c:merchantReferenceCode><c:requestID>4176246202320176195995</c:requestID><c:decision>ACCEPT</c:decision><c:reasonCode>100</c:reasonCode><c:requestToken>Ahj//wSRxMoeBJ54dVM2IkGLZk3aOWDOezbSZ01q1T+KWl9q0BT+KWl9q3SB04gh4wyaSZbpAdnicGBORxMoeBJ54dVM2AAAzw2n</c:requestToken><c:purchaseTotals><c:currency>USD</c:currency></c:purchaseTotals><c:ccAuthReply><c:reasonCode>100</c:reasonCode><c:amount>100.00</c:amount><c:authorizationCode>888888</c:authorizationCode><c:avsCode>X</c:avsCode><c:avsCodeRaw>I1</c:avsCodeRaw><c:authorizedDateTime>2014-12-03T16:37:00Z</c:authorizedDateTime><c:processorResponse>100</c:processorResponse><c:reconciliationID>16274903O36INM55</c:reconciliationID><c:ownerMerchantID>hellobar</c:ownerMerchantID></c:ccAuthReply><c:ccCaptureReply><c:reasonCode>100</c:reasonCode><c:requestDateTime>2014-12-03T16:37:00Z</c:requestDateTime><c:amount>100.00</c:amount><c:reconciliationID>16274903O36INM55</c:reconciliationID></c:ccCaptureReply></c:replyMessage></soap:Body></soap:Envelope>
    http_version: 
  recorded_at: Wed, 03 Dec 2014 16:36:59 GMT
- request:
    method: post
    uri: https://ics2wstest.ic3.com/commerce/1.x/transactionProcessor
    body:
      encoding: UTF-8
      string: |
        <?xml version="1.0" encoding="UTF-8"?>
        <s:Envelope xmlns:s="http://schemas.xmlsoap.org/soap/envelope/">
          <s:Header>
            <wsse:Security s:mustUnderstand="1" xmlns:wsse="http://docs.oasis-open.org/wss/2004/01/oasis-200401-wss-wssecurity-secext-1.0.xsd">
              <wsse:UsernameToken>
                <wsse:Username>hellobar</wsse:Username>
                <wsse:Password Type="http://docs.oasis-open.org/wss/2004/01/oasis-200401-wss-username-token-profile-1.0#PasswordText">YGxyAaeHOQe2vRoisqdInSI9DE4UEhiOVy5aYpoQewXKcCwF11FZRQncjhOlBU41Qo/MwaQ5vIEMuO/zdFTY+WhXYA8KVgquD2H5mgw/CK470t/oXKHNzzRdfcrYbdChFTloHTSm6TxV/Uo94MzIQSf+38eFYpjkOAei7Fm2esJlm2P3rKCBb10JGMvuE9hJAcJidFJ3qdlw9NzfCEWWzajJ9Wl4/Fc9zRszZ5zbX7oRmCkf/aRDu4nO6gML3wVWj1DkCylLdfYLnbjRFKfF8uHriOo/txJCZRuorM5KkjUTroXAGRq2G40btrXhiQsw4j10Gqa8JJCfM3tvnQoNyg==</wsse:Password>
              </wsse:UsernameToken>
            </wsse:Security>
          </s:Header>
          <s:Body xmlns:xsi="http://www.w3.org/2001/XMLSchema-instance" xmlns:xsd="http://www.w3.org/2001/XMLSchema">
            <requestMessage xmlns="urn:schemas-cybersource-com:transaction-data-1.69">
              <merchantID>hellobar</merchantID>
              <merchantReferenceCode>252220502-1417624618</merchantReferenceCode>
              <clientLibrary>Ruby Active Merchant</clientLibrary>
              <clientLibraryVersion>1.44.1</clientLibraryVersion>
              <clientEnvironment>x86_64-darwin12.0</clientEnvironment>
        <purchaseTotals>
          <currency>USD</currency>
          <grandTotalAmount>50.00</grandTotalAmount>
        </purchaseTotals>
        <ccCreditService run="true">
          <captureRequestID>4176246202320176195995</captureRequestID>
          <captureRequestToken>Ahj//wSRxMoeBJ54dVM2IkGLZk3aOWDOezbSZ01q1T+KWl9q0BT+KWl9q3SB04gh4wyaSZbpAdnicGBORxMoeBJ54dVM2AAAzw2n</captureRequestToken>
        </ccCreditService>
            </requestMessage>
          </s:Body>
        </s:Envelope>
    headers:
      Content-Type:
      - application/x-www-form-urlencoded
      Accept-Encoding:
      - gzip;q=1.0,deflate;q=0.6,identity;q=0.3
      Accept:
      - "*/*"
      User-Agent:
      - Ruby
  response:
    status:
      code: 200
      message: OK
    headers:
      Server:
      - Apache-Coyote/1.1
      X-Opnet-Transaction-Trace:
      - pid=28794,requestid=828f53e8-93ab-427f-8dbd-2ad639048460
      Set-Cookie:
      - _op_aixPageId=a_31bc90a3-92dd-455f-9cfe-4bf46f6c238c; Path=/
      Content-Type:
      - text/xml
      Content-Length:
      - '1191'
      Date:
      - Wed, 03 Dec 2014 16:37:00 GMT
    body:
      encoding: UTF-8
      string: |-
        <?xml version="1.0" encoding="utf-8"?><soap:Envelope xmlns:soap="http://schemas.xmlsoap.org/soap/envelope/">
        <soap:Header>
        <wsse:Security xmlns:wsse="http://docs.oasis-open.org/wss/2004/01/oasis-200401-wss-wssecurity-secext-1.0.xsd"><wsu:Timestamp xmlns:wsu="http://docs.oasis-open.org/wss/2004/01/oasis-200401-wss-wssecurity-utility-1.0.xsd" wsu:Id="Timestamp-638521336"><wsu:Created>2014-12-03T16:37:00.983Z</wsu:Created></wsu:Timestamp></wsse:Security></soap:Header><soap:Body><c:replyMessage xmlns:c="urn:schemas-cybersource-com:transaction-data-1.69"><c:merchantReferenceCode>252220502-1417624618</c:merchantReferenceCode><c:requestID>4176246209270176195844</c:requestID><c:decision>ACCEPT</c:decision><c:reasonCode>100</c:reasonCode><c:requestToken>Ahj/7wSRxMoeEULRBUoIIkGLZk3aM3DCazbSKstvRT+KWl9q0BT9/LVXVHSBs4hDxhk0ky3SA7PE6BORxMoeBJ54dVM2AAAA/gv8</c:requestToken><c:purchaseTotals><c:currency>USD</c:currency></c:purchaseTotals><c:ccCreditReply><c:reasonCode>100</c:reasonCode><c:requestDateTime>2014-12-03T16:37:00Z</c:requestDateTime><c:amount>50.00</c:amount><c:reconciliationID>16274380M36HUK7Q</c:reconciliationID></c:ccCreditReply></c:replyMessage></soap:Body></soap:Envelope>
    http_version: 
  recorded_at: Wed, 03 Dec 2014 16:36:59 GMT
recorded_with: VCR 2.9.0
